// Jest Snapshot v1, https://goo.gl/fbAQLP

exports[`renders "Submit" in the menu and matches snapshot 1`] = `
<span
  style="color: white;"
>
  SUBMIT
   
  <svg
    class="bi bi-chevron-down"
    fill="white"
    height="12"
    viewBox="0 0 16 16"
    width="12"
    xmlns="http://www.w3.org/2000/svg"
  >
    <path
      d="M1.646 4.646a.5.5 0 0 1 .708 0L8 10.293l5.646-5.647a.5.5 0 0 1 .708.708l-6 6a.5.5 0 0 1-.708 0l-6-6a.5.5 0 0 1 0-.708"
      fill-rule="evenodd"
    />
  </svg>
</span>
`;
